#
# There is insufficient memory for the Java Runtime Environment to continue.
# Native memory allocation (malloc) failed to allocate 1048576 bytes. Error detail: AllocateHeap
# Possible reasons:
#   The system is out of physical RAM or swap space
#   This process is running with CompressedOops enabled, and the Java Heap may be blocking the growth of the native heap
# Possible solutions:
#   Reduce memory load on the system
#   Increase physical memory or swap space
#   Check if swap backing store is full
#   Decrease Java heap size (-Xmx/-Xms)
#   Decrease number of Java threads
#   Decrease Java thread stack sizes (-Xss)
#   Set larger code cache with -XX:ReservedCodeCacheSize=
#   JVM is running with Unscaled Compressed Oops mode in which the Java heap is
#     placed in the first 4GB address space. The Java Heap base address is the
#     maximum limit for the native heap growth. Please use -XX:HeapBaseMinAddress
#     to set the Java Heap base and to place the Java Heap above 4GB virtual address.
# This output file may be truncated or incomplete.
#
#  Out of Memory Error (allocation.cpp:44), pid=9352, tid=18420
#
# JRE version: OpenJDK Runtime Environment Temurin-21.0.11+10 (21.0.11+10) (build 21.0.11+10-LTS)
# Java VM: OpenJDK 64-Bit Server VM Temurin-21.0.11+10 (21.0.11+10-LTS, mixed mode, sharing, tiered, compressed oops, compressed class ptrs, parallel gc, windows-amd64)
# No core dump will be written. Minidumps are not enabled by default on client versions of Windows
#

---------------  S U M M A R Y ------------

Command Line: --add-modules=ALL-SYSTEM --add-opens=java.base/java.util=ALL-UNNAMED --add-opens=java.base/java.lang=ALL-UNNAMED --add-opens=java.base/sun.nio.fs=ALL-UNNAMED -Declipse.application=org.eclipse.jdt.ls.core.id1 -Dosgi.bundles.defaultStartLevel=4 -Declipse.product=org.eclipse.jdt.ls.core.product -Djava.import.generatesMetadataFilesAtProjectRoot=false -DDetectVMInstallationsJob.disabled=true -Dfile.encoding=utf8 -XX:+UseParallelGC -XX:GCTimeRatio=4 -XX:AdaptiveSizePolicyWeight=90 -Dsun.zip.disableMemoryMapping=true -Xmx2G -Xms100m -Xlog:disable -javaagent:c:\Users\doant\.antigravity-ide\extensions\redhat.java-1.55.0-win32-x64\lombok\lombok-1.18.39-4050.jar -XX:+HeapDumpOnOutOfMemoryError -XX:HeapDumpPath=c:\Users\doant\AppData\Roaming\Antigravity IDE\User\workspaceStorage\28dd867cff7c0dc89d3a74ece59d2500\redhat.java -Daether.dependencyCollector.impl=bf c:\Users\doant\.antigravity-ide\extensions\redhat.java-1.55.0-win32-x64\server\plugins\org.eclipse.equinox.launcher_1.7.200.v20260619-2039.jar -configuration c:\Users\doant\AppData\Roaming\Antigravity IDE\User\globalStorage\redhat.java\1.55.0\config_win -data c:\Users\doant\AppData\Roaming\Antigravity IDE\User\workspaceStorage\28dd867cff7c0dc89d3a74ece59d2500\redhat.java\jdt_ws --pipe=\\.\pipe\lsp-3beb8afe4272d3858a12542949daea03-sock

Host: 11th Gen Intel(R) Core(TM) i5-1135G7 @ 2.40GHz, 8 cores, 15G,  Windows 11 , 64 bit Build 22621 (10.0.22621.5415)
Time: Fri Aug 21 00:35:11 2026 SE Asia Standard Time elapsed time: 5528.932834 seconds (0d 1h 32m 8s)

---------------  T H R E A D  ---------------

Current thread (0x000001df767486f0):  JavaThread "Attach Listener" daemon [_thread_in_vm, id=18420, stack(0x000000364b200000,0x000000364b300000) (1024K)]

Stack: [0x000000364b200000,0x000000364b300000]
Native frames: (J=compiled Java code, j=interpreted, Vv=VM code, C=native code)
V  [jvm.dll+0x6d7e19]
V  [jvm.dll+0x8b5096]
V  [jvm.dll+0x8b764e]
V  [jvm.dll+0x8b7d33]
V  [jvm.dll+0x284596]
V  [jvm.dll+0xc13c7]
V  [jvm.dll+0x6d86c9]
V  [jvm.dll+0x133616]
V  [jvm.dll+0x3f868e]
V  [jvm.dll+0x85fb0d]
V  [jvm.dll+0x6d664d]
C  [ucrtbase.dll+0x29333]
C  [KERNEL32.DLL+0x1259d]
C  [ntdll.dll+0x5af78]


---------------  P R O C E S S  ---------------

Threads class SMR info:
_java_thread_list=0x000001df4358fdb0, length=47, elements={
0x000001df5fcd4560, 0x000001df76740670, 0x000001df76741f80, 0x000001df76746030,
0x000001df767486f0, 0x000001df7674ae10, 0x000001df7674e210, 0x000001df767506f0,
0x000001df76775d50, 0x000001df7c1ba3b0, 0x000001df7c2f4ed0, 0x000001df7c7d3fd0,
0x000001df7ce22750, 0x000001df7c8dec10, 0x000001df7c8df920, 0x000001df7d302550,
0x000001df7c6b55c0, 0x000001df7d748190, 0x000001df7d2072f0, 0x000001df7d283b40,
0x000001df7f109e80, 0x000001df7f109160, 0x000001df7f10a510, 0x000001df7f10aba0,
0x000001df7f107720, 0x000001df7f1097f0, 0x000001df7f107db0, 0x000001df7f108440,
0x000001df7f108ad0, 0x000001df7e995fd0, 0x000001df7e99c240, 0x000001df7e999ae0,
0x000001df7ee319c0, 0x000001df7c2afb30, 0x000001df7c2b0850, 0x000001df7c2ac020,
0x000001df7c2ad3d0, 0x000001df7c2ab990, 0x000001df7c2ae0f0, 0x000001df7c2af4a0,
0x000001df7c2b01c0, 0x000001df7c2aac70, 0x000001df7c2ac6b0, 0x000001df7c2aa5e0,
0x000001df7c2acd40, 0x000001df7c2aee10, 0x000001df7c2b0ee0
}

Java Threads: ( => current thread )
  0x000001df5fcd4560 JavaThread "main"                              [_thread_blocked, id=11000, stack(0x000000364ab00000,0x000000364ac00000) (1024K)]
  0x000001df76740670 JavaThread "Reference Handler"          daemon [_thread_blocked, id=6508, stack(0x000000364af00000,0x000000364b000000) (1024K)]
  0x000001df76741f80 JavaThread "Finalizer"                  daemon [_thread_blocked, id=12712, stack(0x000000364b000000,0x000000364b100000) (1024K)]
  0x000001df76746030 JavaThread "Signal Dispatcher"          daemon [_thread_blocked, id=16848, stack(0x000000364b100000,0x000000364b200000) (1024K)]
=>0x000001df767486f0 JavaThread "Attach Listener"            daemon [_thread_in_vm, id=18420, stack(0x000000364b200000,0x000000364b300000) (1024K)]
  0x000001df7674ae10 JavaThread "Service Thread"             daemon [_thread_blocked, id=10752, stack(0x000000364b300000,0x000000364b400000) (1024K)]
  0x000001df7674e210 JavaThread "Monitor Deflation Thread"   daemon [_thread_blocked, id=17044, stack(0x000000364b400000,0x000000364b500000) (1024K)]
  0x000001df767506f0 JavaThread "C2 CompilerThread0"         daemon [_thread_blocked, id=10844, stack(0x000000364b500000,0x000000364b600000) (1024K)]
  0x000001df76775d50 JavaThread "C1 CompilerThread0"         daemon [_thread_blocked, id=3116, stack(0x000000364b600000,0x000000364b700000) (1024K)]
  0x000001df7c1ba3b0 JavaThread "Common-Cleaner"             daemon [_thread_blocked, id=4696, stack(0x000000364b700000,0x000000364b800000) (1024K)]
  0x000001df7c2f4ed0 JavaThread "Notification Thread"        daemon [_thread_blocked, id=7052, stack(0x000000364b900000,0x000000364ba00000) (1024K)]
  0x000001df7c7d3fd0 JavaThread "Active Thread: Equinox Container: 3ff0b701-e5a7-4287-9ac1-987f90fb6fc9"        [_thread_blocked, id=12736, stack(0x000000364c100000,0x000000364c200000) (1024K)]
  0x000001df7ce22750 JavaThread "Refresh Thread: Equinox Container: 3ff0b701-e5a7-4287-9ac1-987f90fb6fc9" daemon [_thread_blocked, id=17596, stack(0x000000364c300000,0x000000364c400000) (1024K)]
  0x000001df7c8dec10 JavaThread "Framework Event Dispatcher: Equinox Container: 3ff0b701-e5a7-4287-9ac1-987f90fb6fc9" daemon [_thread_blocked, id=18096, stack(0x000000364c400000,0x000000364c500000) (1024K)]
  0x000001df7c8df920 JavaThread "Start Level: Equinox Container: 3ff0b701-e5a7-4287-9ac1-987f90fb6fc9" daemon [_thread_blocked, id=15300, stack(0x000000364c500000,0x000000364c600000) (1024K)]
  0x000001df7d302550 JavaThread "Bundle File Closer"         daemon [_thread_blocked, id=17268, stack(0x000000364c600000,0x000000364c700000) (1024K)]
  0x000001df7c6b55c0 JavaThread "SCR Component Actor"        daemon [_thread_blocked, id=9456, stack(0x000000364b800000,0x000000364b900000) (1024K)]
  0x000001df7d748190 JavaThread "Worker-JM"                         [_thread_blocked, id=6832, stack(0x000000364c700000,0x000000364c800000) (1024K)]
  0x000001df7d2072f0 JavaThread "JNA Cleaner"                daemon [_thread_blocked, id=17988, stack(0x000000364ba00000,0x000000364bb00000) (1024K)]
  0x000001df7d283b40 JavaThread "Java indexing"              daemon [_thread_blocked, id=2928, stack(0x000000364cd00000,0x000000364ce00000) (1024K)]
  0x000001df7f109e80 JavaThread "Thread-1"                   daemon [_thread_in_native, id=9512, stack(0x000000364d000000,0x000000364d100000) (1024K)]
  0x000001df7f109160 JavaThread "Thread-2"                   daemon [_thread_in_native, id=2404, stack(0x000000364d100000,0x000000364d200000) (1024K)]
  0x000001df7f10a510 JavaThread "Thread-3"                   daemon [_thread_in_native, id=16712, stack(0x000000364d200000,0x000000364d300000) (1024K)]
  0x000001df7f10aba0 JavaThread "Thread-4"                   daemon [_thread_in_native, id=17744, stack(0x000000364d300000,0x000000364d400000) (1024K)]
  0x000001df7f107720 JavaThread "Thread-5"                   daemon [_thread_in_native, id=13288, stack(0x000000364d400000,0x000000364d500000) (1024K)]
  0x000001df7f1097f0 JavaThread "Thread-6"                   daemon [_thread_in_native, id=12776, stack(0x000000364d500000,0x000000364d600000) (1024K)]
  0x000001df7f107db0 JavaThread "Thread-7"                   daemon [_thread_in_native, id=3112, stack(0x000000364d600000,0x000000364d700000) (1024K)]
  0x000001df7f108440 JavaThread "Thread-8"                   daemon [_thread_in_native, id=2748, stack(0x000000364d700000,0x000000364d800000) (1024K)]
  0x000001df7f108ad0 JavaThread "Thread-9"                   daemon [_thread_in_native, id=2744, stack(0x000000364d800000,0x000000364d900000) (1024K)]
  0x000001df7e995fd0 JavaThread "pool-2-thread-1"                   [_thread_blocked, id=15428, stack(0x000000364d900000,0x000000364da00000) (1024K)]
  0x000001df7e99c240 JavaThread "WorkspaceEventsHandler"            [_thread_blocked, id=4220, stack(0x000000364da00000,0x000000364db00000) (1024K)]
  0x000001df7e999ae0 JavaThread "pool-1-thread-1"                   [_thread_blocked, id=16528, stack(0x000000364db00000,0x000000364dc00000) (1024K)]
  0x000001df7ee319c0 JavaThread "Worker-50"                         [_thread_blocked, id=2736, stack(0x000000364cc00000,0x000000364cd00000) (1024K)]
  0x000001df7c2afb30 JavaThread "Worker-54"                         [_thread_blocked, id=16584, stack(0x000000364a900000,0x000000364aa00000) (1024K)]
  0x000001df7c2b0850 JavaThread "Worker-57"                         [_thread_blocked, id=12036, stack(0x000000364aa00000,0x000000364ab00000) (1024K)]
  0x000001df7c2ac020 JavaThread "ForkJoinPool.commonPool-worker-33" daemon [_thread_blocked, id=14872, stack(0x000000364c800000,0x000000364c900000) (1024K)]
  0x000001df7c2ad3d0 JavaThread "Worker-58"                         [_thread_blocked, id=1948, stack(0x000000364c900000,0x000000364ca00000) (1024K)]
  0x000001df7c2ab990 JavaThread "Worker-59"                         [_thread_blocked, id=6664, stack(0x000000364ca00000,0x000000364cb00000) (1024K)]
  0x000001df7c2ae0f0 JavaThread "Compiler Source File Reader" daemon [_thread_blocked, id=2540, stack(0x000000364cb00000,0x000000364cc00000) (1024K)]
  0x000001df7c2af4a0 JavaThread "Compiler Processing Task"   daemon [_thread_blocked, id=17364, stack(0x000000364ce00000,0x000000364cf00000) (1024K)]
  0x000001df7c2b01c0 JavaThread "Compiler Source File Reader" daemon [_thread_blocked, id=18236, stack(0x000000364cf00000,0x000000364d000000) (1024K)]
  0x000001df7c2aac70 JavaThread "Compiler Source File Reader" daemon [_thread_blocked, id=12208, stack(0x000000364dc00000,0x000000364dd00000) (1024K)]
  0x000001df7c2ac6b0 JavaThread "Worker-60"                         [_thread_blocked, id=19656, stack(0x000000364dd00000,0x000000364de00000) (1024K)]
  0x000001df7c2aa5e0 JavaThread "Compiler Source File Reader" daemon [_thread_blocked, id=20128, stack(0x000000364de00000,0x000000364df00000) (1024K)]
  0x000001df7c2acd40 JavaThread "Compiler Source File Reader" daemon [_thread_blocked, id=20420, stack(0x000000364df00000,0x000000364e000000) (1024K)]
  0x000001df7c2aee10 JavaThread "Compiler Source File Reader" daemon [_thread_blocked, id=5684, stack(0x000000364e000000,0x000000364e100000) (1024K)]
  0x000001df7c2b0ee0 JavaThread "Worker-61"                         [_thread_blocked, id=20292, stack(0x000000364e100000,0x000000364e200000) (1024K)]
Total: 47

Other Threads:
  0x000001df5fd8e890 VMThread "VM Thread"                           [id=5712, stack(0x000000364ae00000,0x000000364af00000) (1024K)]
  0x000001df7665c7e0 WatcherThread "VM Periodic Task Thread"        [id=296, stack(0x000000364ad00000,0x000000364ae00000) (1024K)]
  0x000001df5fcf4bc0 WorkerThread "GC Thread#0"                     [id=9432, stack(0x000000364ac00000,0x000000364ad00000) (1024K)]
  0x000001df7cac7490 WorkerThread "GC Thread#1"                     [id=16552, stack(0x000000364bb00000,0x000000364bc00000) (1024K)]
  0x000001df7cac7840 WorkerThread "GC Thread#2"                     [id=13588, stack(0x000000364bc00000,0x000000364bd00000) (1024K)]
  0x000001df7cac7fa0 WorkerThread "GC Thread#3"                     [id=15340, stack(0x000000364bd00000,0x000000364be00000) (1024K)]
  0x000001df7cac8ab0 WorkerThread "GC Thread#4"                     [id=15536, stack(0x000000364be00000,0x000000364bf00000) (1024K)]
  0x000001df7cac8350 WorkerThread "GC Thread#5"                     [id=17500, stack(0x000000364bf00000,0x000000364c000000) (1024K)]
  0x000001df7cac7bf0 WorkerThread "GC Thread#6"                     [id=9608, stack(0x000000364c000000,0x000000364c100000) (1024K)]
  0x000001df7cac8700 WorkerThread "GC Thread#7"                     [id=9424, stack(0x000000364c200000,0x000000364c300000) (1024K)]
Total: 10

Threads with active compile tasks:
Total: 0

VM state: not at safepoint (normal execution)

VM Mutex/Monitor currently owned by a thread: None

Heap address: 0x0000000080000000, size: 2048 MB, Compressed Oops mode: 32-bit

CDS archive(s) mapped at: [0x000001df00000000-0x000001df00ba0000-0x000001df00ba0000), size 12189696, SharedBaseAddress: 0x000001df00000000, ArchiveRelocationMode: 1.
Compressed class space mapped at: 0x000001df01000000-0x000001df41000000, reserved size: 1073741824
Narrow klass base: 0x000001df00000000, Narrow klass shift: 0, Narrow klass range: 0x100000000

GC Precious Log:
 CardTable entry size: 512
 CPUs: 8 total, 8 available
 Memory: 16078M
 Large Page Support: Disabled
 NUMA Support: Disabled
 Compressed Oops: Enabled (32-bit)
 Alignments: Space 512K, Generation 512K, Heap 2M
 Heap Min Capacity: 100M
 Heap Initial Capacity: 100M
 Heap Max Capacity: 2G
 Pre-touch: Disabled
 Parallel Workers: 8

Heap:
 PSYoungGen      total 7168K, used 5978K [0x00000000d5580000, 0x00000000d5e80000, 0x0000000100000000)
  eden space 6144K, 84% used [0x00000000d5580000,0x00000000d5a8a9c0,0x00000000d5b80000)
  from space 1024K, 79% used [0x00000000d5d80000,0x00000000d5e4c010,0x00000000d5e80000)
  to   space 1024K, 0% used [0x00000000d5b80000,0x00000000d5b80000,0x00000000d5c80000)
 ParOldGen       total 980992K, used 980512K [0x0000000080000000, 0x00000000bbe00000, 0x00000000d5580000)
  object space 980992K, 99% used [0x0000000080000000,0x00000000bbd88280,0x00000000bbe00000)
 Metaspace       used 78602K, committed 80256K, reserved 1179648K
  class space    used 7569K, committed 8320K, reserved 1048576K

Card table byte_map: [0x000001df5f680000,0x000001df5fa90000] _byte_map_base: 0x000001df5f280000

Marking Bits: (ParMarkBitMap*) 0x00007ffa21954460
 Begin Bits: [0x000001df72180000, 0x000001df74180000)
 End Bits:   [0x000001df74180000, 0x000001df76180000)

Polling page: 0x000001df5dbb0000

Metaspace:

Usage:
  Non-class:     69.37 MB used.
      Class:      7.39 MB used.
       Both:     76.76 MB used.

Virtual space:
  Non-class space:      128.00 MB reserved,      70.25 MB ( 55%) committed,  2 nodes.
      Class space:        1.00 GB reserved,       8.12 MB ( <1%) committed,  1 nodes.
             Both:        1.12 GB reserved,      78.38 MB (  7%) committed. 

Chunk freelists:
   Non-Class:  9.78 MB
       Class:  7.91 MB
        Both:  17.69 MB

MaxMetaspaceSize: unlimited
CompressedClassSpaceSize: 1.00 GB
Initial GC threshold: 21.00 MB
Current GC threshold: 128.25 MB
CDS: on
 - commit_granule_bytes: 65536.
 - commit_granule_words: 8192.
 - virtual_space_node_default_size: 8388608.
 - enlarge_chunks_in_place: 1.
 - use_allocation_guard: 0.


Internal statistics:

num_allocs_failed_limit: 9.
num_arena_births: 1842.
num_arena_deaths: 440.
num_vsnodes_births: 3.
num_vsnodes_deaths: 0.
num_space_committed: 1254.
num_space_uncommitted: 0.
num_chunks_returned_to_freelist: 527.
num_chunks_taken_from_freelist: 6182.
num_chunk_merges: 134.
num_chunk_splits: 3436.
num_chunks_enlarged: 1758.
num_inconsistent_stats: 0.

CodeHeap 'non-profiled nmethods': size=120000Kb used=23084Kb max_used=26779Kb free=96915Kb
 bounds [0x000001df6a9a0000, 0x000001df6c3d0000, 0x000001df71ed0000]
CodeHeap 'profiled nmethods': size=120000Kb used=27042Kb max_used=45831Kb free=92957Kb
 bounds [0x000001df62ed0000, 0x000001df65c00000, 0x000001df6a400000]
CodeHeap 'non-nmethods': size=5760Kb used=1472Kb max_used=1564Kb free=4287Kb
 bounds [0x000001df6a400000, 0x000001df6a670000, 0x000001df6a9a0000]
CodeCache: size=245760Kb, used=51598Kb, max_used=74174Kb, free=194159Kb
 total_blobs=13505, nmethods=12729, adapters=679, full_count=0
Compilation: enabled, stopped_count=0, restarted_count=0

Compilation events (20 events):
Event: 5514.277 Thread 0x000001df767506f0 nmethod 26606 0x000001df6bdd1410 code [0x000001df6bdd15c0, 0x000001df6bdd16e0]
Event: 5514.279 Thread 0x000001df43bb46b0 nmethod 26607 0x000001df6af32c10 code [0x000001df6af32e20, 0x000001df6af33ac0]
Event: 5514.806 Thread 0x000001df76775d50 26641   !   3       org.eclipse.jdt.internal.compiler.parser.Scanner::getNextToken0 (3068 bytes)
Event: 5514.820 Thread 0x000001df76775d50 nmethod 26641 0x000001df64d3f190 code [0x000001df64d3fe60, 0x000001df64d47970]
Event: 5514.826 Thread 0x000001df43bb46b0 26642       4       org.eclipse.jdt.internal.compiler.lookup.ClassScope::checkParameterizedTypeBounds (111 bytes)
Event: 5514.829 Thread 0x000001df43bb46b0 nmethod 26642 0x000001df6ab22790 code [0x000001df6ab22980, 0x000001df6ab22d30]
Event: 5514.829 Thread 0x000001df76775d50 26643   !   3       org.eclipse.jdt.internal.core.NameLookup::seekPackageFragments (484 bytes)
Event: 5514.831 Thread 0x000001df76775d50 nmethod 26643 0x000001df6394e910 code [0x000001df6394ed00, 0x000001df63950e48]
Event: 5514.843 Thread 0x000001df767506f0 26644       4       org.eclipse.jdt.internal.compiler.lookup.SplitPackageBinding::isDeclaredIn (11 bytes)
Event: 5514.845 Thread 0x000001df76775d50 26645       1       org.eclipse.jdt.internal.core.SingleTypeRequestor::acceptType (6 bytes)
Event: 5514.845 Thread 0x000001df76775d50 nmethod 26645 0x000001df6bcca210 code [0x000001df6bcca3a0, 0x000001df6bcca480]
Event: 5514.850 Thread 0x000001df767506f0 nmethod 26644 0x000001df6b59f910 code [0x000001df6b59fb00, 0x000001df6b59ffa8]
Event: 5514.850 Thread 0x000001df767506f0 26646       4       org.eclipse.jdt.internal.compiler.flow.FlowContext::checkExceptionHandlers (663 bytes)
Event: 5514.886 Thread 0x000001df43bb46b0 26647   !   4       org.eclipse.jdt.internal.compiler.parser.Scanner::getNextToken0 (3068 bytes)
Event: 5514.912 Thread 0x000001df76775d50 26649       1       org.eclipse.lsp4j.DiagnosticsTagSupport::getValueSet (5 bytes)
Event: 5514.912 Thread 0x000001df76775d50 nmethod 26649 0x000001df6bce5110 code [0x000001df6bce52a0, 0x000001df6bce5368]
Event: 5514.959 Thread 0x000001df43bb46b0 nmethod 26647 0x000001df6ba8b790 code [0x000001df6ba8c200, 0x000001df6ba8ed40]
Event: 5514.960 Thread 0x000001df43bb46b0 26648       4       java.util.Arrays$ArrayList::indexOf (62 bytes)
Event: 5514.964 Thread 0x000001df767506f0 nmethod 26646 0x000001df6ac19990 code [0x000001df6ac19fc0, 0x000001df6ac1ddd8]
Event: 5514.965 Thread 0x000001df43bb46b0 nmethod 26648 0x000001df6abeae10 code [0x000001df6abeafc0, 0x000001df6abeb580]

GC Heap History (20 events):
Event: 5514.047 GC heap before
{Heap before GC invocations=4393 (full 10):
 PSYoungGen      total 10752K, used 10531K [0x00000000d5580000, 0x00000000d6300000, 0x0000000100000000)
  eden space 7680K, 100% used [0x00000000d5580000,0x00000000d5d00000,0x00000000d5d00000)
  from space 3072K, 92% used [0x00000000d6000000,0x00000000d62c8c08,0x00000000d6300000)
  to   space 3072K, 0% used [0x00000000d5d00000,0x00000000d5d00000,0x00000000d6000000)
 ParOldGen       total 970240K, used 969887K [0x0000000080000000, 0x00000000bb380000, 0x00000000d5580000)
  object space 970240K, 99% used [0x0000000080000000,0x00000000bb327c90,0x00000000bb380000)
 Metaspace       used 77741K, committed 79424K, reserved 1179648K
  class space    used 7478K, committed 8320K, reserved 1048576K
}
Event: 5514.053 GC heap after
{Heap after GC invocations=4393 (full 10):
 PSYoungGen      total 9216K, used 1492K [0x00000000d5580000, 0x00000000d6100000, 0x0000000100000000)
  eden space 7680K, 0% used [0x00000000d5580000,0x00000000d5580000,0x00000000d5d00000)
  from space 1536K, 97% used [0x00000000d5d00000,0x00000000d5e75200,0x00000000d5e80000)
  to   space 2048K, 0% used [0x00000000d5f00000,0x00000000d5f00000,0x00000000d6100000)
 ParOldGen       total 972800K, used 972385K [0x0000000080000000, 0x00000000bb600000, 0x00000000d5580000)
  object space 972800K, 99% used [0x0000000080000000,0x00000000bb5985c0,0x00000000bb600000)
 Metaspace       used 77741K, committed 79424K, reserved 1179648K
  class space    used 7478K, committed 8320K, reserved 1048576K
}
Event: 5514.074 GC heap before
{Heap before GC invocations=4394 (full 10):
 PSYoungGen      total 9216K, used 9172K [0x00000000d5580000, 0x00000000d6100000, 0x0000000100000000)
  eden space 7680K, 100% used [0x00000000d5580000,0x00000000d5d00000,0x00000000d5d00000)
  from space 1536K, 97% used [0x00000000d5d00000,0x00000000d5e75200,0x00000000d5e80000)
  to   space 2048K, 0% used [0x00000000d5f00000,0x00000000d5f00000,0x00000000d6100000)
 ParOldGen       total 972800K, used 972385K [0x0000000080000000, 0x00000000bb600000, 0x00000000d5580000)
  object space 972800K, 99% used [0x0000000080000000,0x00000000bb5985c0,0x00000000bb600000)
 Metaspace       used 77741K, committed 79424K, reserved 1179648K
  class space    used 7478K, committed 8320K, reserved 1048576K
}
Event: 5514.076 GC heap after
{Heap after GC invocations=4394 (full 10):
 PSYoungGen      total 8704K, used 960K [0x00000000d5580000, 0x00000000d6000000, 0x0000000100000000)
  eden space 7680K, 0% used [0x00000000d5580000,0x00000000d5580000,0x00000000d5d00000)
  from space 1024K, 93% used [0x00000000d5f00000,0x00000000d5ff0020,0x00000000d6000000)
  to   space 1536K, 0% used [0x00000000d5d00000,0x00000000d5d00000,0x00000000d5e80000)
 ParOldGen       total 973824K, used 973764K [0x0000000080000000, 0x00000000bb700000, 0x00000000d5580000)
  object space 973824K, 99% used [0x0000000080000000,0x00000000bb6f13c0,0x00000000bb700000)
 Metaspace       used 77741K, committed 79424K, reserved 1179648K
  class space    used 7478K, committed 8320K, reserved 1048576K
}
Event: 5514.131 GC heap before
{Heap before GC invocations=4395 (full 10):
 PSYoungGen      total 8704K, used 8640K [0x00000000d5580000, 0x00000000d6000000, 0x0000000100000000)
  eden space 7680K, 100% used [0x00000000d5580000,0x00000000d5d00000,0x00000000d5d00000)
  from space 1024K, 93% used [0x00000000d5f00000,0x00000000d5ff0020,0x00000000d6000000)
  to   space 1536K, 0% used [0x00000000d5d00000,0x00000000d5d00000,0x00000000d5e80000)
 ParOldGen       total 973824K, used 973764K [0x0000000080000000, 0x00000000bb700000, 0x00000000d5580000)
  object space 973824K, 99% used [0x0000000080000000,0x00000000bb6f13c0,0x00000000bb700000)
 Metaspace       used 77915K, committed 79616K, reserved 1179648K
  class space    used 7493K, committed 8320K, reserved 1048576K
}
Event: 5514.134 GC heap after
{Heap after GC invocations=4395 (full 10):
 PSYoungGen      total 9216K, used 1376K [0x00000000d5580000, 0x00000000d6000000, 0x0000000100000000)
  eden space 7680K, 0% used [0x00000000d5580000,0x00000000d5580000,0x00000000d5d00000)
  from space 1536K, 89% used [0x00000000d5d00000,0x00000000d5e58030,0x00000000d5e80000)
  to   space 1536K, 0% used [0x00000000d5e80000,0x00000000d5e80000,0x00000000d6000000)
 ParOldGen       total 974848K, used 974641K [0x0000000080000000, 0x00000000bb800000, 0x00000000d5580000)
  object space 974848K, 99% used [0x0000000080000000,0x00000000bb7cc540,0x00000000bb800000)
 Metaspace       used 77915K, committed 79616K, reserved 1179648K
  class space    used 7493K, committed 8320K, reserved 1048576K
}
Event: 5514.226 GC heap before
{Heap before GC invocations=4396 (full 10):
 PSYoungGen      total 9216K, used 9054K [0x00000000d5580000, 0x00000000d6000000, 0x0000000100000000)
  eden space 7680K, 99% used [0x00000000d5580000,0x00000000d5cff7e0,0x00000000d5d00000)
  from space 1536K, 89% used [0x00000000d5d00000,0x00000000d5e58030,0x00000000d5e80000)
  to   space 1536K, 0% used [0x00000000d5e80000,0x00000000d5e80000,0x00000000d6000000)
 ParOldGen       total 974848K, used 974641K [0x0000000080000000, 0x00000000bb800000, 0x00000000d5580000)
  object space 974848K, 99% used [0x0000000080000000,0x00000000bb7cc540,0x00000000bb800000)
 Metaspace       used 78470K, committed 80064K, reserved 1179648K
  class space    used 7550K, committed 8320K, reserved 1048576K
}
Event: 5514.228 GC heap after
{Heap after GC invocations=4396 (full 10):
 PSYoungGen      total 8192K, used 436K [0x00000000d5580000, 0x00000000d5f00000, 0x0000000100000000)
  eden space 7680K, 0% used [0x00000000d5580000,0x00000000d5580000,0x00000000d5d00000)
  from space 512K, 85% used [0x00000000d5e80000,0x00000000d5eed200,0x00000000d5f00000)
  to   space 1024K, 0% used [0x00000000d5d00000,0x00000000d5d00000,0x00000000d5e00000)
 ParOldGen       total 975872K, used 975837K [0x0000000080000000, 0x00000000bb900000, 0x00000000d5580000)
  object space 975872K, 99% used [0x0000000080000000,0x00000000bb8f7460,0x00000000bb900000)
 Metaspace       used 78470K, committed 80064K, reserved 1179648K
  class space    used 7550K, committed 8320K, reserved 1048576K
}
Event: 5514.803 GC heap before
{Heap before GC invocations=4397 (full 10):
 PSYoungGen      total 8192K, used 8094K [0x00000000d5580000, 0x00000000d5f00000, 0x0000000100000000)
  eden space 7680K, 99% used [0x00000000d5580000,0x00000000d5cfa700,0x00000000d5d00000)
  from space 512K, 85% used [0x00000000d5e80000,0x00000000d5eed200,0x00000000d5f00000)
  to   space 1024K, 0% used [0x00000000d5d00000,0x00000000d5d00000,0x00000000d5e00000)
 ParOldGen       total 975872K, used 975837K [0x0000000080000000, 0x00000000bb900000, 0x00000000d5580000)
  object space 975872K, 99% used [0x0000000080000000,0x00000000bb8f7460,0x00000000bb900000)
 Metaspace       used 78602K, committed 80256K, reserved 1179648K
  class space    used 7569K, committed 8320K, reserved 1048576K
}
Event: 5514.804 GC heap after
{Heap after GC invocations=4397 (full 10):
 PSYoungGen      total 8704K, used 256K [0x00000000d5580000, 0x00000000d5f00000, 0x0000000100000000)
  eden space 7680K, 0% used [0x00000000d5580000,0x00000000d5580000,0x00000000d5d00000)
  from space 1024K, 25% used [0x00000000d5d00000,0x00000000d5d40000,0x00000000d5e00000)
  to   space 512K, 0% used [0x00000000d5e80000,0x00000000d5e80000,0x00000000d5f00000)
 ParOldGen       total 976384K, used 976056K [0x0000000080000000, 0x00000000bb980000, 0x00000000d5580000)
  object space 976384K, 99% used [0x0000000080000000,0x00000000bb92e078,0x00000000bb980000)
 Metaspace       used 78602K, committed 80256K, reserved 1179648K
  class space    used 7569K, committed 8320K, reserved 1048576K
}
Event: 5514.816 GC heap before
{Heap before GC invocations=4398 (full 10):
 PSYoungGen      total 8704K, used 7936K [0x00000000d5580000, 0x00000000d5f00000, 0x0000000100000000)
  eden space 7680K, 100% used [0x00000000d5580000,0x00000000d5d00000,0x00000000d5d00000)
  from space 1024K, 25% used [0x00000000d5d00000,0x00000000d5d40000,0x00000000d5e00000)
  to   space 512K, 0% used [0x00000000d5e80000,0x00000000d5e80000,0x00000000d5f00000)
 ParOldGen       total 976384K, used 976056K [0x0000000080000000, 0x00000000bb980000, 0x00000000d5580000)
  object space 976384K, 99% used [0x0000000080000000,0x00000000bb92e078,0x00000000bb980000)
 Metaspace       used 78602K, committed 80256K, reserved 1179648K
  class space    used 7569K, committed 8320K, reserved 1048576K
}
Event: 5514.819 GC heap after
{Heap after GC invocations=4398 (full 10):
 PSYoungGen      total 8192K, used 506K [0x00000000d5580000, 0x00000000d6000000, 0x0000000100000000)
  eden space 7680K, 0% used [0x00000000d5580000,0x00000000d5580000,0x00000000d5d00000)
  from space 512K, 98% used [0x00000000d5e80000,0x00000000d5efe920,0x00000000d5f00000)
  to   space 1536K, 0% used [0x00000000d5d00000,0x00000000d5d00000,0x00000000d5e80000)
 ParOldGen       total 976896K, used 976832K [0x0000000080000000, 0x00000000bba00000, 0x00000000d5580000)
  object space 976896K, 99% used [0x0000000080000000,0x00000000bb9f00a8,0x00000000bba00000)
 Metaspace       used 78602K, committed 80256K, reserved 1179648K
  class space    used 7569K, committed 8320K, reserved 1048576K
}
Event: 5514.834 GC heap before
{Heap before GC invocations=4399 (full 10):
 PSYoungGen      total 8192K, used 8186K [0x00000000d5580000, 0x00000000d6000000, 0x0000000100000000)
  eden space 7680K, 100% used [0x00000000d5580000,0x00000000d5d00000,0x00000000d5d00000)
  from space 512K, 98% used [0x00000000d5e80000,0x00000000d5efe920,0x00000000d5f00000)
  to   space 1536K, 0% used [0x00000000d5d00000,0x00000000d5d00000,0x00000000d5e80000)
 ParOldGen       total 976896K, used 976832K [0x0000000080000000, 0x00000000bba00000, 0x00000000d5580000)
  object space 976896K, 99% used [0x0000000080000000,0x00000000bb9f00a8,0x00000000bba00000)
 Metaspace       used 78602K, committed 80256K, reserved 1179648K
  class space    used 7569K, committed 8320K, reserved 1048576K
}
Event: 5514.836 GC heap after
{Heap after GC invocations=4399 (full 10):
 PSYoungGen      total 9216K, used 944K [0x00000000d5580000, 0x00000000d6000000, 0x0000000100000000)
  eden space 7680K, 0% used [0x00000000d5580000,0x00000000d5580000,0x00000000d5d00000)
  from space 1536K, 61% used [0x00000000d5d00000,0x00000000d5dec030,0x00000000d5e80000)
  to   space 1536K, 0% used [0x00000000d5e80000,0x00000000d5e80000,0x00000000d6000000)
 ParOldGen       total 977408K, used 977321K [0x0000000080000000, 0x00000000bba80000, 0x00000000d5580000)
  object space 977408K, 99% used [0x0000000080000000,0x00000000bba6a7e8,0x00000000bba80000)
 Metaspace       used 78602K, committed 80256K, reserved 1179648K
  class space    used 7569K, committed 8320K, reserved 1048576K
}
Event: 5514.857 GC heap before
{Heap before GC invocations=4400 (full 10):
 PSYoungGen      total 9216K, used 8624K [0x00000000d5580000, 0x00000000d6000000, 0x0000000100000000)
  eden space 7680K, 100% used [0x00000000d5580000,0x00000000d5d00000,0x00000000d5d00000)
  from space 1536K, 61% used [0x00000000d5d00000,0x00000000d5dec030,0x00000000d5e80000)
  to   space 1536K, 0% used [0x00000000d5e80000,0x00000000d5e80000,0x00000000d6000000)
 ParOldGen       total 977408K, used 977321K [0x0000000080000000, 0x00000000bba80000, 0x00000000d5580000)
  object space 977408K, 99% used [0x0000000080000000,0x00000000bba6a7e8,0x00000000bba80000)
 Metaspace       used 78602K, committed 80256K, reserved 1179648K
  class space    used 7569K, committed 8320K, reserved 1048576K
}
Event: 5514.859 GC heap after
{Heap after GC invocations=4400 (full 10):
 PSYoungGen      total 7680K, used 1514K [0x00000000d5580000, 0x00000000d6300000, 0x0000000100000000)
  eden space 6144K, 0% used [0x00000000d5580000,0x00000000d5580000,0x00000000d5b80000)
  from space 1536K, 98% used [0x00000000d5e80000,0x00000000d5ffa920,0x00000000d6000000)
  to   space 3072K, 0% used [0x00000000d5b80000,0x00000000d5b80000,0x00000000d5e80000)
 ParOldGen       total 978432K, used 978202K [0x0000000080000000, 0x00000000bbb80000, 0x00000000d5580000)
  object space 978432K, 99% used [0x0000000080000000,0x00000000bbb46988,0x00000000bbb80000)
 Metaspace       used 78602K, committed 80256K, reserved 1179648K
  class space    used 7569K, committed 8320K, reserved 1048576K
}
Event: 5514.872 GC heap before
{Heap before GC invocations=4401 (full 10):
 PSYoungGen      total 7680K, used 7658K [0x00000000d5580000, 0x00000000d6300000, 0x0000000100000000)
  eden space 6144K, 100% used [0x00000000d5580000,0x00000000d5b80000,0x00000000d5b80000)
  from space 1536K, 98% used [0x00000000d5e80000,0x00000000d5ffa920,0x00000000d6000000)
  to   space 3072K, 0% used [0x00000000d5b80000,0x00000000d5b80000,0x00000000d5e80000)
 ParOldGen       total 978432K, used 978202K [0x0000000080000000, 0x00000000bbb80000, 0x00000000d5580000)
  object space 978432K, 99% used [0x0000000080000000,0x00000000bbb46988,0x00000000bbb80000)
 Metaspace       used 78602K, committed 80256K, reserved 1179648K
  class space    used 7569K, committed 8320K, reserved 1048576K
}
Event: 5514.874 GC heap after
{Heap after GC invocations=4401 (full 10):
 PSYoungGen      total 7168K, used 928K [0x00000000d5580000, 0x00000000d5f00000, 0x0000000100000000)
  eden space 6144K, 0% used [0x00000000d5580000,0x00000000d5580000,0x00000000d5b80000)
  from space 1024K, 90% used [0x00000000d5b80000,0x00000000d5c68020,0x00000000d5c80000)
  to   space 1536K, 0% used [0x00000000d5d80000,0x00000000d5d80000,0x00000000d5f00000)
 ParOldGen       total 979968K, used 979680K [0x0000000080000000, 0x00000000bbd00000, 0x00000000d5580000)
  object space 979968K, 99% used [0x0000000080000000,0x00000000bbcb8260,0x00000000bbd00000)
 Metaspace       used 78602K, committed 80256K, reserved 1179648K
  class space    used 7569K, committed 8320K, reserved 1048576K
}
Event: 5514.891 GC heap before
{Heap before GC invocations=4402 (full 10):
 PSYoungGen      total 7168K, used 7072K [0x00000000d5580000, 0x00000000d5f00000, 0x0000000100000000)
  eden space 6144K, 100% used [0x00000000d5580000,0x00000000d5b80000,0x00000000d5b80000)
  from space 1024K, 90% used [0x00000000d5b80000,0x00000000d5c68020,0x00000000d5c80000)
  to   space 1536K, 0% used [0x00000000d5d80000,0x00000000d5d80000,0x00000000d5f00000)
 ParOldGen       total 979968K, used 979680K [0x0000000080000000, 0x00000000bbd00000, 0x00000000d5580000)
  object space 979968K, 99% used [0x0000000080000000,0x00000000bbcb8260,0x00000000bbd00000)
 Metaspace       used 78602K, committed 80256K, reserved 1179648K
  class space    used 7569K, committed 8320K, reserved 1048576K
}
Event: 5514.894 GC heap after
{Heap after GC invocations=4402 (full 10):
 PSYoungGen      total 7168K, used 816K [0x00000000d5580000, 0x00000000d5e80000, 0x0000000100000000)
  eden space 6144K, 0% used [0x00000000d5580000,0x00000000d5580000,0x00000000d5b80000)
  from space 1024K, 79% used [0x00000000d5d80000,0x00000000d5e4c010,0x00000000d5e80000)
  to   space 1024K, 0% used [0x00000000d5b80000,0x00000000d5b80000,0x00000000d5c80000)
 ParOldGen       total 980992K, used 980512K [0x0000000080000000, 0x00000000bbe00000, 0x00000000d5580000)
  object space 980992K, 99% used [0x0000000080000000,0x00000000bbd88280,0x00000000bbe00000)
 Metaspace       used 78602K, committed 80256K, reserved 1179648K
  class space    used 7569K, committed 8320K, reserved 1048576K
}

Dll operation events (10 events):
Event: 0.015 Loaded shared library c:\Users\doant\.antigravity-ide\extensions\redhat.java-1.55.0-win32-x64\jre\21.0.11-win32-x86_64\bin\java.dll
Event: 0.063 Loaded shared library c:\Users\doant\.antigravity-ide\extensions\redhat.java-1.55.0-win32-x64\jre\21.0.11-win32-x86_64\bin\zip.dll
Event: 0.140 Loaded shared library C:\Users\doant\.antigravity-ide\extensions\redhat.java-1.55.0-win32-x64\jre\21.0.11-win32-x86_64\bin\instrument.dll
Event: 0.147 Loaded shared library C:\Users\doant\.antigravity-ide\extensions\redhat.java-1.55.0-win32-x64\jre\21.0.11-win32-x86_64\bin\net.dll
Event: 0.149 Loaded shared library C:\Users\doant\.antigravity-ide\extensions\redhat.java-1.55.0-win32-x64\jre\21.0.11-win32-x86_64\bin\nio.dll
Event: 0.153 Loaded shared library C:\Users\doant\.antigravity-ide\extensions\redhat.java-1.55.0-win32-x64\jre\21.0.11-win32-x86_64\bin\zip.dll
Event: 0.175 Loaded shared library C:\Users\doant\.antigravity-ide\extensions\redhat.java-1.55.0-win32-x64\jre\21.0.11-win32-x86_64\bin\jimage.dll
Event: 0.269 Loaded shared library c:\Users\doant\.antigravity-ide\extensions\redhat.java-1.55.0-win32-x64\jre\21.0.11-win32-x86_64\bin\verify.dll
Event: 1.685 Loaded shared library C:\Users\doant\AppData\Roaming\Antigravity IDE\User\globalStorage\redhat.java\1.55.0\config_win\org.eclipse.equinox.launcher\org.eclipse.equinox.launcher.win32.win32.x86_64_1.3.100.v20260613-0559\eclipse_11924.dll
Event: 6.229 Loaded shared library C:\Users\doant\AppData\Local\Temp\jna-95755644\jna11135603597608763507.dll

Deoptimization events (20 events):
Event: 5514.212 Thread 0x000001df7c2ac020 Uncommon trap: trap_request=0xffffff76 fr.pc=0x000001df6c26ec40 relative=0x0000000000000280
Event: 5514.212 Thread 0x000001df7c2ac020 Uncommon trap: reason=predicate action=maybe_recompile pc=0x000001df6c26ec40 method=java.util.Arrays$ArrayList.indexOf(Ljava/lang/Object;)I @ 39 c2
Event: 5514.212 Thread 0x000001df7c2ac020 DEOPT PACKING pc=0x000001df6c26ec40 sp=0x000000364c8fed30
Event: 5514.212 Thread 0x000001df7c2ac020 DEOPT UNPACKING pc=0x000001df6a456da2 sp=0x000000364c8fecc8 mode 2
Event: 5514.213 Thread 0x000001df7c2ac020 Uncommon trap: trap_request=0xfffffff4 fr.pc=0x000001df6ba4e4dc relative=0x0000000000001b7c
Event: 5514.213 Thread 0x000001df7c2ac020 Uncommon trap: reason=null_check action=make_not_entrant pc=0x000001df6ba4e4dc method=org.eclipse.jdt.internal.core.JavaModelManager.getZipFile(Lorg/eclipse/core/runtime/IPath;Z)Ljava/util/zip/ZipFile; @ 17 c2
Event: 5514.213 Thread 0x000001df7c2ac020 DEOPT PACKING pc=0x000001df6ba4e4dc sp=0x000000364c8fe360
Event: 5514.213 Thread 0x000001df7c2ac020 DEOPT UNPACKING pc=0x000001df6a456da2 sp=0x000000364c8fe338 mode 2
Event: 5514.230 Thread 0x000001df7c2ac020 Uncommon trap: trap_request=0xffffff45 fr.pc=0x000001df6ba518a0 relative=0x0000000000000d20
Event: 5514.230 Thread 0x000001df7c2ac020 Uncommon trap: reason=unstable_if action=reinterpret pc=0x000001df6ba518a0 method=org.eclipse.jdt.internal.core.util.HashtableOfArrayToObject.getIndex([Ljava/lang/Object;)I @ 45 c2
Event: 5514.230 Thread 0x000001df7c2ac020 DEOPT PACKING pc=0x000001df6ba518a0 sp=0x000000364c8fe8e0
Event: 5514.230 Thread 0x000001df7c2ac020 DEOPT UNPACKING pc=0x000001df6a456da2 sp=0x000000364c8fe7b8 mode 2
Event: 5514.260 Thread 0x000001df7c2ac020 Uncommon trap: trap_request=0xffffff45 fr.pc=0x000001df6b9caa74 relative=0x0000000000000434
Event: 5514.260 Thread 0x000001df7c2ac020 Uncommon trap: reason=unstable_if action=reinterpret pc=0x000001df6b9caa74 method=org.eclipse.jdt.internal.core.util.Util.indexOfJavaRelatedExtension(Ljava/lang/String;[[C)I @ 42 c2
Event: 5514.260 Thread 0x000001df7c2ac020 DEOPT PACKING pc=0x000001df6b9caa74 sp=0x000000364c8fe8f0
Event: 5514.260 Thread 0x000001df7c2ac020 DEOPT UNPACKING pc=0x000001df6a456da2 sp=0x000000364c8fe868 mode 2
Event: 5514.271 Thread 0x000001df7c2ac020 Uncommon trap: trap_request=0xffffffd6 fr.pc=0x000001df6aacd66c relative=0x0000000000000aec
Event: 5514.271 Thread 0x000001df7c2ac020 Uncommon trap: reason=array_check action=maybe_recompile pc=0x000001df6aacd66c method=com.google.gson.internal.GsonTypes$ParameterizedTypeImpl.<init>(Ljava/lang/reflect/Type;Ljava/lang/Class;[Ljava/lang/reflect/Type;)V @ 136 c2
Event: 5514.271 Thread 0x000001df7c2ac020 DEOPT PACKING pc=0x000001df6aacd66c sp=0x000000364c8fe740
Event: 5514.271 Thread 0x000001df7c2ac020 DEOPT UNPACKING pc=0x000001df6a456da2 sp=0x000000364c8fe610 mode 2

Classes loaded (20 events):
Event: 4736.601 Loading class java/io/CharArrayWriter
Event: 4736.604 Loading class java/io/CharArrayWriter done
Event: 4776.594 Loading class jdk/internal/module/IllegalAccessLogger
Event: 4776.594 Loading class jdk/internal/module/IllegalAccessLogger done
Event: 5421.431 Loading class jdk/internal/module/IllegalAccessLogger
Event: 5421.431 Loading class jdk/internal/module/IllegalAccessLogger done
Event: 5468.455 Loading class jdk/internal/module/IllegalAccessLogger
Event: 5468.455 Loading class jdk/internal/module/IllegalAccessLogger done
Event: 5507.410 Loading class jdk/internal/module/IllegalAccessLogger
Event: 5507.410 Loading class jdk/internal/module/IllegalAccessLogger done
Event: 5507.582 Loading class jdk/internal/module/IllegalAccessLogger
Event: 5507.582 Loading class jdk/internal/module/IllegalAccessLogger done
Event: 5513.582 Loading class jdk/internal/module/IllegalAccessLogger
Event: 5513.582 Loading class jdk/internal/module/IllegalAccessLogger done
Event: 5513.970 Loading class java/lang/UnsupportedClassVersionError
Event: 5513.971 Loading class java/lang/UnsupportedClassVersionError done
Event: 5514.206 Loading class javax/xml/transform/TransformerConfigurationException
Event: 5514.207 Loading class javax/xml/transform/TransformerConfigurationException done
Event: 5514.261 Loading class java/util/LinkedList$LLSpliterator
Event: 5514.261 Loading class java/util/LinkedList$LLSpliterator done

Classes unloaded (20 events):
Event: 3695.800 Thread 0x000001df5fd8e890 Unloading class 0x000001df01007000 'java/lang/invoke/LambdaForm$MH+0x000001df01007000'
Event: 3695.800 Thread 0x000001df5fd8e890 Unloading class 0x000001df01006800 'java/lang/invoke/LambdaForm$MH+0x000001df01006800'
Event: 3695.800 Thread 0x000001df5fd8e890 Unloading class 0x000001df01006400 'java/lang/invoke/LambdaForm$MH+0x000001df01006400'
Event: 3695.800 Thread 0x000001df5fd8e890 Unloading class 0x000001df01006000 'java/lang/invoke/LambdaForm$MH+0x000001df01006000'
Event: 3695.800 Thread 0x000001df5fd8e890 Unloading class 0x000001df01005c00 'java/lang/invoke/LambdaForm$BMH+0x000001df01005c00'
Event: 3695.800 Thread 0x000001df5fd8e890 Unloading class 0x000001df01004800 'java/lang/invoke/LambdaForm$DMH+0x000001df01004800'
Event: 3695.800 Thread 0x000001df5fd8e890 Unloading class 0x000001df01002400 'java/lang/invoke/LambdaForm$MH+0x000001df01002400'
Event: 3695.800 Thread 0x000001df5fd8e890 Unloading class 0x000001df01002000 'java/lang/invoke/LambdaForm$MH+0x000001df01002000'
Event: 3695.800 Thread 0x000001df5fd8e890 Unloading class 0x000001df01001800 'java/lang/invoke/LambdaForm$MH+0x000001df01001800'
Event: 3695.800 Thread 0x000001df5fd8e890 Unloading class 0x000001df01000400 'java/lang/invoke/LambdaForm$MH+0x000001df01000400'
Event: 4727.239 Thread 0x000001df5fd8e890 Unloading class 0x000001df0180a800 'java/lang/invoke/LambdaForm$MH+0x000001df0180a800'
Event: 4727.240 Thread 0x000001df5fd8e890 Unloading class 0x000001df0180a400 'java/lang/invoke/LambdaForm$MH+0x000001df0180a400'
Event: 4727.240 Thread 0x000001df5fd8e890 Unloading class 0x000001df01809c00 'java/lang/invoke/LambdaForm$MH+0x000001df01809c00'
Event: 4727.240 Thread 0x000001df5fd8e890 Unloading class 0x000001df01809800 'java/lang/invoke/LambdaForm$MH+0x000001df01809800'
Event: 4727.240 Thread 0x000001df5fd8e890 Unloading class 0x000001df01809400 'java/lang/invoke/LambdaForm$MH+0x000001df01809400'
Event: 4727.240 Thread 0x000001df5fd8e890 Unloading class 0x000001df01202400 'java/lang/invoke/LambdaForm$MH+0x000001df01202400'
Event: 4727.240 Thread 0x000001df5fd8e890 Unloading class 0x000001df01201400 'java/lang/invoke/LambdaForm$MH+0x000001df01201400'
Event: 4727.240 Thread 0x000001df5fd8e890 Unloading class 0x000001df01201000 'java/lang/invoke/LambdaForm$MH+0x000001df01201000'
Event: 4727.240 Thread 0x000001df5fd8e890 Unloading class 0x000001df01200800 'java/lang/invoke/LambdaForm$MH+0x000001df01200800'
Event: 4727.240 Thread 0x000001df5fd8e890 Unloading class 0x000001df01200000 'java/lang/invoke/LambdaForm$MH+0x000001df01200000'

Classes redefined (0 events):
No events

Internal exceptions (20 events):
Event: 5507.060 Thread 0x000001df7c2ac020 Exception <a 'sun/nio/fs/WindowsException'{0x00000000d5a8ec90}> (0x00000000d5a8ec90) 
thrown [s\src\hotspot\share\prims\jni.cpp, line 520]
Event: 5507.060 Thread 0x000001df7c2ac020 Exception <a 'sun/nio/fs/WindowsException'{0x00000000d5a8f3d0}> (0x00000000d5a8f3d0) 
thrown [s\src\hotspot\share\prims\jni.cpp, line 520]
Event: 5507.060 Thread 0x000001df7c2ac020 Exception <a 'sun/nio/fs/WindowsException'{0x00000000d5a8fea8}> (0x00000000d5a8fea8) 
thrown [s\src\hotspot\share\prims\jni.cpp, line 520]
Event: 5507.060 Thread 0x000001df7c2ac020 Exception <a 'sun/nio/fs/WindowsException'{0x00000000d5a905e8}> (0x00000000d5a905e8) 
thrown [s\src\hotspot\share\prims\jni.cpp, line 520]
Event: 5507.061 Thread 0x000001df7c2ac020 Exception <a 'sun/nio/fs/WindowsException'{0x00000000d5a91ad0}> (0x00000000d5a91ad0) 
thrown [s\src\hotspot\share\prims\jni.cpp, line 520]
Event: 5507.061 Thread 0x000001df7c2ac020 Exception <a 'sun/nio/fs/WindowsException'{0x00000000d5a92210}> (0x00000000d5a92210) 
thrown [s\src\hotspot\share\prims\jni.cpp, line 520]
Event: 5507.063 Thread 0x000001df7c2ac020 Exception <a 'sun/nio/fs/WindowsException'{0x00000000d5ab0980}> (0x00000000d5ab0980) 
thrown [s\src\hotspot\share\prims\jni.cpp, line 520]
Event: 5507.063 Thread 0x000001df7c2ac020 Exception <a 'sun/nio/fs/WindowsException'{0x00000000d5ab10c0}> (0x00000000d5ab10c0) 
thrown [s\src\hotspot\share\prims\jni.cpp, line 520]
Event: 5507.285 Thread 0x000001df7d283b40 Exception <a 'sun/nio/fs/WindowsException'{0x00000000d59aaa10}> (0x00000000d59aaa10) 
thrown [s\src\hotspot\share\prims\jni.cpp, line 520]
Event: 5507.574 Thread 0x000001df7d283b40 Exception <a 'sun/nio/fs/WindowsException'{0x00000000d55c3240}> (0x00000000d55c3240) 
thrown [s\src\hotspot\share\prims\jni.cpp, line 520]
Event: 5507.649 Thread 0x000001df7ee319c0 Exception <a 'sun/nio/fs/WindowsException'{0x00000000d5886838}> (0x00000000d5886838) 
thrown [s\src\hotspot\share\prims\jni.cpp, line 520]
Event: 5507.666 Thread 0x000001df7ee319c0 Exception <a 'sun/nio/fs/WindowsException'{0x00000000d56dd9a8}> (0x00000000d56dd9a8) 
thrown [s\src\hotspot\share\prims\jni.cpp, line 520]
Event: 5507.678 Thread 0x000001df7ee319c0 Exception <a 'sun/nio/fs/WindowsException'{0x00000000d5a9bb98}> (0x00000000d5a9bb98) 
thrown [s\src\hotspot\share\prims\jni.cpp, line 520]
Event: 5507.701 Thread 0x000001df7ee319c0 Exception <a 'sun/nio/fs/WindowsException'{0x00000000d59ea3a8}> (0x00000000d59ea3a8) 
thrown [s\src\hotspot\share\prims\jni.cpp, line 520]
Event: 5513.431 Thread 0x000001df7d283b40 Exception <a 'sun/nio/fs/WindowsException'{0x00000000d59f9b20}> (0x00000000d59f9b20) 
thrown [s\src\hotspot\share\prims\jni.cpp, line 520]
Event: 5513.892 Thread 0x000001df7d283b40 Exception <a 'sun/nio/fs/WindowsException'{0x00000000d589a638}> (0x00000000d589a638) 
thrown [s\src\hotspot\share\prims\jni.cpp, line 520]
Event: 5513.931 Thread 0x000001df7c2ac020 Implicit null exception at 0x000001df6bc8887a to 0x000001df6bc88acc
Event: 5513.992 Thread 0x000001df7c2ac020 Exception <a 'java/lang/NoSuchMethodError'{0x00000000d56bb4f0}: 'int java.lang.invoke.Invokers$Holder.invokeExact_MT(java.lang.Object, java.lang.Object)'> (0x00000000d56bb4f0) 
thrown [s\src\hotspot\share\interpreter\linkResolver.cpp, line 773]
Event: 5514.213 Thread 0x000001df7c2ac020 Implicit null exception at 0x000001df6ba4cdce to 0x000001df6ba4e4cc
Event: 5514.272 Thread 0x000001df7c2ac020 Exception <a 'java/lang/NoSuchMethodError'{0x00000000d5c919a8}: 'void java.lang.invoke.DelegatingMethodHandle$Holder.reinvoke_L(java.lang.Object, java.lang.Object, int)'> (0x00000000d5c919a8) 
thrown [s\src\hotspot\share\interpreter\linkResolver.cpp, line 773]

ZGC Phase Switch (0 events):
No events

VM Operations (20 events):
Event: 5514.074 Executing safepoint VM operation: ParallelGCFailedAllocation (Allocation Failure)
Event: 5514.076 Executing safepoint VM operation: ParallelGCFailedAllocation (Allocation Failure) done
Event: 5514.100 Executing non-safepoint VM operation: HandshakeAllThreads (Deoptimize)
Event: 5514.100 Executing non-safepoint VM operation: HandshakeAllThreads (Deoptimize) done
Event: 5514.131 Executing safepoint VM operation: ParallelGCFailedAllocation (Allocation Failure)
Event: 5514.134 Executing safepoint VM operation: ParallelGCFailedAllocation (Allocation Failure) done
Event: 5514.226 Executing safepoint VM operation: ParallelGCFailedAllocation (Allocation Failure)
Event: 5514.228 Executing safepoint VM operation: ParallelGCFailedAllocation (Allocation Failure) done
Event: 5514.803 Executing safepoint VM operation: ParallelGCFailedAllocation (Allocation Failure)
Event: 5514.804 Executing safepoint VM operation: ParallelGCFailedAllocation (Allocation Failure) done
Event: 5514.816 Executing safepoint VM operation: ParallelGCFailedAllocation (Allocation Failure)
Event: 5514.819 Executing safepoint VM operation: ParallelGCFailedAllocation (Allocation Failure) done
Event: 5514.834 Executing safepoint VM operation: ParallelGCFailedAllocation (Allocation Failure)
Event: 5514.836 Executing safepoint VM operation: ParallelGCFailedAllocation (Allocation Failure) done
Event: 5514.857 Executing safepoint VM operation: ParallelGCFailedAllocation (Allocation Failure)
Event: 5514.859 Executing safepoint VM operation: ParallelGCFailedAllocation (Allocation Failure) done
Event: 5514.872 Executing safepoint VM operation: ParallelGCFailedAllocation (Allocation Failure)
Event: 5514.874 Executing safepoint VM operation: ParallelGCFailedAllocation (Allocation Failure) done
Event: 5514.891 Executing safepoint VM operation: ParallelGCFailedAllocation (Allocation Failure)
Event: 5514.894 Executing safepoint VM operation: ParallelGCFailedAllocation (Allocation Failure) done

Memory protections (0 events):
No events

Nmethod flushes (20 events):
Event: 4727.304 Thread 0x000001df5fd8e890 flushing  nmethod 0x000001df6588d710
Event: 4727.304 Thread 0x000001df5fd8e890 flushing  nmethod 0x000001df658a3110
Event: 4727.304 Thread 0x000001df5fd8e890 flushing  nmethod 0x000001df658ed710
Event: 4727.304 Thread 0x000001df5fd8e890 flushing  nmethod 0x000001df658fb890
Event: 4727.304 Thread 0x000001df5fd8e890 flushing  nmethod 0x000001df658fe390
Event: 4727.304 Thread 0x000001df5fd8e890 flushing  nmethod 0x000001df658fed10
Event: 4727.304 Thread 0x000001df5fd8e890 flushing  nmethod 0x000001df658ff990
Event: 4727.304 Thread 0x000001df5fd8e890 flushing  nmethod 0x000001df65906610
Event: 4727.304 Thread 0x000001df5fd8e890 flushing  nmethod 0x000001df6590d190
Event: 4727.304 Thread 0x000001df5fd8e890 flushing  nmethod 0x000001df65917f90
Event: 4727.304 Thread 0x000001df5fd8e890 flushing  nmethod 0x000001df65930790
Event: 4727.304 Thread 0x000001df5fd8e890 flushing  nmethod 0x000001df6593c390
Event: 4727.304 Thread 0x000001df5fd8e890 flushing  nmethod 0x000001df6596a390
Event: 4727.304 Thread 0x000001df5fd8e890 flushing  nmethod 0x000001df65990d10
Event: 4727.304 Thread 0x000001df5fd8e890 flushing  nmethod 0x000001df65a29910
Event: 4727.304 Thread 0x000001df5fd8e890 flushing  nmethod 0x000001df65a2cc90
Event: 4727.304 Thread 0x000001df5fd8e890 flushing  nmethod 0x000001df65ad4610
Event: 4727.304 Thread 0x000001df5fd8e890 flushing  nmethod 0x000001df65ad4a10
Event: 4727.304 Thread 0x000001df5fd8e890 flushing  nmethod 0x000001df65af8d90
Event: 4727.304 Thread 0x000001df5fd8e890 flushing  nmethod 0x000001df65b19390

Events (20 events):
Event: 5118.356 Thread 0x000001df7e99a800 Thread exited: 0x000001df7e99a800
Event: 5154.928 Thread 0x000001df7ee2d820 Thread exited: 0x000001df7ee2d820
Event: 5214.936 Thread 0x000001df7e999450 Thread exited: 0x000001df7e999450
Event: 5420.611 Thread 0x000001df7ee319c0 Thread added: 0x000001df7c2b0850
Event: 5420.611 Thread 0x000001df7e999ae0 Thread added: 0x000001df7c2ac020
Event: 5420.644 Thread 0x000001df7ee319c0 Thread added: 0x000001df7c2ad3d0
Event: 5420.858 Thread 0x000001df7ee319c0 Thread added: 0x000001df7c2ab990
Event: 5421.026 Thread 0x000001df7ee319c0 Thread added: 0x000001df7c2ae0f0
Event: 5421.431 Thread 0x000001df7ee319c0 Thread added: 0x000001df7c2af4a0
Event: 5421.489 Thread 0x000001df7ee319c0 Thread added: 0x000001df7c2b01c0
Event: 5468.361 Thread 0x000001df7ee319c0 Thread added: 0x000001df7c2aac70
Event: 5507.256 Thread 0x000001df7ee319c0 Thread added: 0x000001df7c2ac6b0
Event: 5507.373 Thread 0x000001df7ee319c0 Thread added: 0x000001df7c2aa5e0
Event: 5507.413 Thread 0x000001df7ee319c0 Thread added: 0x000001df7c2acd40
Event: 5507.413 Thread 0x000001df7ee319c0 Thread added: 0x000001df7c2aee10
Event: 5507.857 Thread 0x000001df7c2ac6b0 Thread added: 0x000001df7c2b0ee0
Event: 5514.253 Thread 0x000001df76775d50 Thread added: 0x000001df43bb46b0
Event: 5514.253 Thread 0x000001df76775d50 Thread added: 0x000001df43bad9b0
Event: 5514.806 Thread 0x000001df43bad9b0 Thread exited: 0x000001df43bad9b0
Event: 5519.979 Thread 0x000001df43bb46b0 Thread exited: 0x000001df43bb46b0


Dynamic libraries:
0x00007ff7486e0000 - 0x00007ff7486ee000 	c:\Users\doant\.antigravity-ide\extensions\redhat.java-1.55.0-win32-x64\jre\21.0.11-win32-x86_64\bin\java.exe
0x00007ffac8b50000 - 0x00007ffac8d68000 	C:\WINDOWS\SYSTEM32\ntdll.dll
0x00007ffac7420000 - 0x00007ffac74e4000 	C:\WINDOWS\System32\KERNEL32.DLL
0x00007ffac5dd0000 - 0x00007ffac61a3000 	C:\WINDOWS\System32\KERNELBASE.dll
0x00007ffac66d0000 - 0x00007ffac67e1000 	C:\WINDOWS\System32\ucrtbase.dll
0x00007ffaa5e60000 - 0x00007ffaa5e78000 	c:\Users\doant\.antigravity-ide\extensions\redhat.java-1.55.0-win32-x64\jre\21.0.11-win32-x86_64\bin\jli.dll
0x00007ffac8930000 - 0x00007ffac8ae2000 	C:\WINDOWS\System32\USER32.dll
0x00007ffac61b0000 - 0x00007ffac61d6000 	C:\WINDOWS\System32\win32u.dll
0x00007ffac6de0000 - 0x00007ffac6e09000 	C:\WINDOWS\System32\GDI32.dll
0x00007ffac6350000 - 0x00007ffac646b000 	C:\WINDOWS\System32\gdi32full.dll
0x00007ffac6630000 - 0x00007ffac66ca000 	C:\WINDOWS\System32\msvcp_win.dll
0x00007ffaa6360000 - 0x00007ffaa637e000 	c:\Users\doant\.antigravity-ide\extensions\redhat.java-1.55.0-win32-x64\jre\21.0.11-win32-x86_64\bin\VCRUNTIME140.dll
0x00007ffaaead0000 - 0x00007ffaaed6c000 	C:\WINDOWS\WinSxS\amd64_microsoft.windows.common-controls_6595b64144ccf1df_6.0.22621.6060_none_2712eda17382d24b\COMCTL32.dll
0x00007ffac7370000 - 0x00007ffac7417000 	C:\WINDOWS\System32\msvcrt.dll
0x00007ffac6870000 - 0x00007ffac68a1000 	C:\WINDOWS\System32\IMM32.DLL
0x00007ffabec90000 - 0x00007ffabec9c000 	c:\Users\doant\.antigravity-ide\extensions\redhat.java-1.55.0-win32-x64\jre\21.0.11-win32-x86_64\bin\vcruntime140_1.dll
0x00007ffa72e30000 - 0x00007ffa72ebd000 	c:\Users\doant\.antigravity-ide\extensions\redhat.java-1.55.0-win32-x64\jre\21.0.11-win32-x86_64\bin\msvcp140.dll
0x00007ffa20c90000 - 0x00007ffa21a32000 	c:\Users\doant\.antigravity-ide\extensions\redhat.java-1.55.0-win32-x64\jre\21.0.11-win32-x86_64\bin\server\jvm.dll
0x00007ffac84f0000 - 0x00007ffac85a1000 	C:\WINDOWS\System32\ADVAPI32.dll
0x00007ffac6a70000 - 0x00007ffac6b18000 	C:\WINDOWS\System32\sechost.dll
0x00007ffac6260000 - 0x00007ffac6288000 	C:\WINDOWS\System32\bcrypt.dll
0x00007ffac6c30000 - 0x00007ffac6d48000 	C:\WINDOWS\System32\RPCRT4.dll
0x00007ffac8760000 - 0x00007ffac87d1000 	C:\WINDOWS\System32\WS2_32.dll
0x00007ffac4ab0000 - 0x00007ffac4afd000 	C:\WINDOWS\SYSTEM32\POWRPROF.dll
0x00007ffabeb00000 - 0x00007ffabeb34000 	C:\WINDOWS\SYSTEM32\WINMM.dll
0x00007ffabcbe0000 - 0x00007ffabcbea000 	C:\WINDOWS\SYSTEM32\VERSION.dll
0x00007ffac4a90000 - 0x00007ffac4aa3000 	C:\WINDOWS\SYSTEM32\UMPDC.dll
0x00007ffac4d30000 - 0x00007ffac4d48000 	C:\WINDOWS\SYSTEM32\kernel.appcore.dll
0x00007ffabbfd0000 - 0x00007ffabbfda000 	c:\Users\doant\.antigravity-ide\extensions\redhat.java-1.55.0-win32-x64\jre\21.0.11-win32-x86_64\bin\jimage.dll
0x00007ffac33e0000 - 0x00007ffac3613000 	C:\WINDOWS\SYSTEM32\DBGHELP.DLL
0x00007ffac7fe0000 - 0x00007ffac8371000 	C:\WINDOWS\System32\combase.dll
0x00007ffac8840000 - 0x00007ffac8918000 	C:\WINDOWS\System32\OLEAUT32.dll
0x00007ffaae390000 - 0x00007ffaae3c2000 	C:\WINDOWS\SYSTEM32\dbgcore.DLL
0x00007ffac65b0000 - 0x00007ffac662b000 	C:\WINDOWS\System32\bcryptPrimitives.dll
0x00007ffab9790000 - 0x00007ffab979f000 	c:\Users\doant\.antigravity-ide\extensions\redhat.java-1.55.0-win32-x64\jre\21.0.11-win32-x86_64\bin\instrument.dll
0x00007ffaa5d40000 - 0x00007ffaa5d60000 	c:\Users\doant\.antigravity-ide\extensions\redhat.java-1.55.0-win32-x64\jre\21.0.11-win32-x86_64\bin\java.dll
0x00007ffac76b0000 - 0x00007ffac7f4c000 	C:\WINDOWS\System32\SHELL32.dll
0x00007ffac6470000 - 0x00007ffac65af000 	C:\WINDOWS\System32\wintypes.dll
0x00007ffac3b70000 - 0x00007ffac448a000 	C:\WINDOWS\SYSTEM32\windows.storage.dll
0x00007ffac6b20000 - 0x00007ffac6c24000 	C:\WINDOWS\System32\SHCORE.dll
0x00007ffac6d70000 - 0x00007ffac6dd9000 	C:\WINDOWS\System32\shlwapi.dll
0x00007ffac5b90000 - 0x00007ffac5bb5000 	C:\WINDOWS\SYSTEM32\profapi.dll
0x00007ffaa5620000 - 0x00007ffaa5638000 	c:\Users\doant\.antigravity-ide\extensions\redhat.java-1.55.0-win32-x64\jre\21.0.11-win32-x86_64\bin\zip.dll
0x00007ffab9750000 - 0x00007ffab9760000 	C:\Users\doant\.antigravity-ide\extensions\redhat.java-1.55.0-win32-x64\jre\21.0.11-win32-x86_64\bin\net.dll
0x00007ffabfcd0000 - 0x00007ffabfdfc000 	C:\WINDOWS\SYSTEM32\WINHTTP.dll
0x00007ffac5210000 - 0x00007ffac5279000 	C:\WINDOWS\system32\mswsock.dll
0x00007ffaa5600000 - 0x00007ffaa5616000 	C:\Users\doant\.antigravity-ide\extensions\redhat.java-1.55.0-win32-x64\jre\21.0.11-win32-x86_64\bin\nio.dll
0x00007ffab9360000 - 0x00007ffab9370000 	c:\Users\doant\.antigravity-ide\extensions\redhat.java-1.55.0-win32-x64\jre\21.0.11-win32-x86_64\bin\verify.dll
0x00007ffaa53f0000 - 0x00007ffaa5435000 	C:\Users\doant\AppData\Roaming\Antigravity IDE\User\globalStorage\redhat.java\1.55.0\config_win\org.eclipse.equinox.launcher\org.eclipse.equinox.launcher.win32.win32.x86_64_1.3.100.v20260613-0559\eclipse_11924.dll
0x00007ffac85b0000 - 0x00007ffac8751000 	C:\WINDOWS\System32\ole32.dll
0x00007ffac5470000 - 0x00007ffac548b000 	C:\WINDOWS\SYSTEM32\CRYPTSP.dll
0x00007ffac4c90000 - 0x00007ffac4cc7000 	C:\WINDOWS\system32\rsaenh.dll
0x00007ffac5300000 - 0x00007ffac5328000 	C:\WINDOWS\SYSTEM32\USERENV.dll
0x00007ffac5460000 - 0x00007ffac546c000 	C:\WINDOWS\SYSTEM32\CRYPTBASE.dll
0x00007ffac4760000 - 0x00007ffac478d000 	C:\WINDOWS\SYSTEM32\IPHLPAPI.DLL
0x00007ffac6e20000 - 0x00007ffac6e29000 	C:\WINDOWS\System32\NSI.dll
0x00007ffa95490000 - 0x00007ffa954d9000 	C:\Users\doant\AppData\Local\Temp\jna-95755644\jna11135603597608763507.dll
0x00007ffac6e10000 - 0x00007ffac6e18000 	C:\WINDOWS\System32\PSAPI.DLL
0x00007ffabee30000 - 0x00007ffabee49000 	C:\WINDOWS\SYSTEM32\dhcpcsvc6.DLL
0x00007ffabee10000 - 0x00007ffabee2f000 	C:\WINDOWS\SYSTEM32\dhcpcsvc.DLL
0x00007ffac4e40000 - 0x00007ffac4e74000 	C:\WINDOWS\SYSTEM32\ntmarta.dll

JVMTI agents:
c:\Users\doant\.antigravity-ide\extensions\redhat.java-1.55.0-win32-x64\lombok\lombok-1.18.39-4050.jar path:c:\Users\doant\.antigravity-ide\extensions\redhat.java-1.55.0-win32-x64\jre\21.0.11-win32-x86_64\bin\instrument.dll, loaded, initialized, instrumentlib options:none

dbghelp: loaded successfully - version: 4.0.5 - missing functions: none
symbol engine: initialized successfully - sym options: 0x614 - pdb path: .;c:\Users\doant\.antigravity-ide\extensions\redhat.java-1.55.0-win32-x64\jre\21.0.11-win32-x86_64\bin;C:\WINDOWS\SYSTEM32;C:\WINDOWS\WinSxS\amd64_microsoft.windows.common-controls_6595b64144ccf1df_6.0.22621.6060_none_2712eda17382d24b;c:\Users\doant\.antigravity-ide\extensions\redhat.java-1.55.0-win32-x64\jre\21.0.11-win32-x86_64\bin\server;C:\Users\doant\AppData\Roaming\Antigravity IDE\User\globalStorage\redhat.java\1.55.0\config_win\org.eclipse.equinox.launcher\org.eclipse.equinox.launcher.win32.win32.x86_64_1.3.100.v20260613-0559;C:\Users\doant\AppData\Local\Temp\jna-95755644

VM Arguments:
jvm_args: --add-modules=ALL-SYSTEM --add-opens=java.base/java.util=ALL-UNNAMED --add-opens=java.base/java.lang=ALL-UNNAMED --add-opens=java.base/sun.nio.fs=ALL-UNNAMED -Declipse.application=org.eclipse.jdt.ls.core.id1 -Dosgi.bundles.defaultStartLevel=4 -Declipse.product=org.eclipse.jdt.ls.core.product -Djava.import.generatesMetadataFilesAtProjectRoot=false -DDetectVMInstallationsJob.disabled=true -Dfile.encoding=utf8 -XX:+UseParallelGC -XX:GCTimeRatio=4 -XX:AdaptiveSizePolicyWeight=90 -Dsun.zip.disableMemoryMapping=true -Xmx2G -Xms100m -Xlog:disable -javaagent:c:\Users\doant\.antigravity-ide\extensions\redhat.java-1.55.0-win32-x64\lombok\lombok-1.18.39-4050.jar -XX:+HeapDumpOnOutOfMemoryError -XX:HeapDumpPath=c:\Users\doant\AppData\Roaming\Antigravity IDE\User\workspaceStorage\28dd867cff7c0dc89d3a74ece59d2500\redhat.java -Daether.dependencyCollector.impl=bf 
java_command: c:\Users\doant\.antigravity-ide\extensions\redhat.java-1.55.0-win32-x64\server\plugins\org.eclipse.equinox.launcher_1.7.200.v20260619-2039.jar -configuration c:\Users\doant\AppData\Roaming\Antigravity IDE\User\globalStorage\redhat.java\1.55.0\config_win -data c:\Users\doant\AppData\Roaming\Antigravity IDE\User\workspaceStorage\28dd867cff7c0dc89d3a74ece59d2500\redhat.java\jdt_ws --pipe=\\.\pipe\lsp-3beb8afe4272d3858a12542949daea03-sock
java_class_path (initial): c:\Users\doant\.antigravity-ide\extensions\redhat.java-1.55.0-win32-x64\server\plugins\org.eclipse.equinox.launcher_1.7.200.v20260619-2039.jar
Launcher Type: SUN_STANDARD

[Global flags]
    uintx AdaptiveSizePolicyWeight                 = 90                                        {product} {command line}
     intx CICompilerCount                          = 4                                         {product} {ergonomic}
    uintx GCTimeRatio                              = 4                                         {product} {command line}
     bool HeapDumpOnOutOfMemoryError               = true                                   {manageable} {command line}
    ccstr HeapDumpPath                             = c:\Users\doant\AppData\Roaming\Antigravity IDE\User\workspaceStorage\28dd867cff7c0dc89d3a74ece59d2500\redhat.java         {manageable} {command line}
   size_t InitialHeapSize                          = 104857600                                 {product} {command line}
   size_t MaxHeapSize                              = 2147483648                                {product} {command line}
   size_t MaxNewSize                               = 715653120                                 {product} {ergonomic}
   size_t MinHeapDeltaBytes                        = 524288                                    {product} {ergonomic}
   size_t MinHeapSize                              = 104857600                                 {product} {command line}
   size_t NewSize                                  = 34603008                                  {product} {ergonomic}
    uintx NonNMethodCodeHeapSize                   = 5839372                                {pd product} {ergonomic}
    uintx NonProfiledCodeHeapSize                  = 122909434                              {pd product} {ergonomic}
   size_t OldSize                                  = 70254592                                  {product} {ergonomic}
    uintx ProfiledCodeHeapSize                     = 122909434                              {pd product} {ergonomic}
    uintx ReservedCodeCacheSize                    = 251658240                              {pd product} {ergonomic}
     bool SegmentedCodeCache                       = true                                      {product} {ergonomic}
   size_t SoftMaxHeapSize                          = 2147483648                             {manageable} {ergonomic}
     bool UseCompressedOops                        = true                           {product lp64_product} {ergonomic}
     bool UseLargePagesIndividualAllocation        = false                                  {pd product} {ergonomic}
     bool UseParallelGC                            = true                                      {product} {command line}

Logging:
Log output configuration:
 #0: stdout all=off uptime,level,tags foldmultilines=false
 #1: stderr all=off uptime,level,tags foldmultilines=false

Release file:
JAVA_VERSION="21.0.11" 
MODULES="java.base java.compiler java.datatransfer java.xml java.prefs java.desktop java.instrument java.logging java.management java.security.sasl java.naming java.rmi java.management.rmi java.net.http java.scripting java.security.jgss java.transaction.xa java.sql java.sql.rowset java.xml.crypto java.se java.smartcardio jdk.accessibility jdk.internal.jvmstat jdk.attach jdk.charsets jdk.internal.opt jdk.zipfs jdk.compiler jdk.crypto.ec jdk.crypto.cryptoki jdk.crypto.mscapi jdk.dynalink jdk.internal.ed jdk.editpad jdk.hotspot.agent jdk.httpserver jdk.internal.le jdk.internal.vm.ci jdk.internal.vm.compiler jdk.internal.vm.compiler.management jdk.jartool jdk.javadoc jdk.jcmd jdk.management jdk.management.agent jdk.jconsole jdk.jdeps jdk.jdwp.agent jdk.jdi jdk.jfr jdk.jshell jdk.jsobject jdk.jstatd jdk.localedata jdk.management.jfr jdk.naming.dns jdk.naming.rmi jdk.net jdk.nio.mapmode jdk.random jdk.sctp jdk.security.auth jdk.security.jgss jdk.unsupported jdk.unsupported.desktop jdk.xml.dom" 

Environment Variables:
JAVA_HOME=C:\Program Files\Java\jdk-21.0.10
PATH=C:\Program Files (x86)\VMware\VMware Workstation\bin\;C:\Program Files\Common Files\Oracle\Java\javapath;C:\Windows\system32;C:\Windows;C:\Windows\System32\Wbem;C:\Windows\System32\WindowsPowerShell\v1.0\;C:\Windows\System32\OpenSSH\;C:\Program Files (x86)\NVIDIA Corporation\PhysX\Common;C:\Program Files\NVIDIA Corporation\NVIDIA NvDLISR;C:\WINDOWS\system32;C:\WINDOWS;C:\WINDOWS\System32\Wbem;C:\WINDOWS\System32\WindowsPowerShell\v1.0\;C:\WINDOWS\System32\OpenSSH\;C:\Program Files\Microsoft SQL Server\Client SDK\ODBC\170\Tools\Binn\;C:\Program Files\dotnet\;C:\Program Files (x86)\Windows Kits\10\Windows Performance Toolkit\;C:\Program Files\Git\cmd;C:\Program Files (x86)\Microsoft SQL Server\160\Tools\Binn\;C:\Program Files\Microsoft SQL Server\160\Tools\Binn\;C:\Program Files\Microsoft SQL Server\160\DTS\Binn\;C:\Program Files (x86)\Microsoft SQL Server\160\DTS\Binn\;c:\Users\doant\AppData\Local\Programs\cursor\resources\app\bin;C:\Program Files\Docker\Docker\resources\bin;C:\Users\doant\Downloads\gradle-8.7-bin\gradle-8.7\bin;C:\Program Files\nodejs\;c:\Users\doant\AppData\Local\Programs\cursor\resources\app\codeBin;C:\Program Files\MySQL\MySQL Shell 8.0\bin\;C:\Users\doant\AppData\Local\Programs\Python\Launcher\;C:\Users\doant\AppData\Local\Microsoft\WindowsApps;C:\Users\doant\.dotnet\tools;C:\Users\doant\AppData\Local\Programs\Microsoft VS Code\bin;C:\Users\doant\AppData\Local\Python\bin;C:\Users\doant\AppData\Local\Programs\Python\Python314\;C:\Users\doant\AppData\Local\Programs\Python\Python314\Scripts\;C:\Program Files\JetBrains\IntelliJ IDEA 2025.3.3\bin;F:\maven\bin;C:\Users\doant\AppData\Local\GitHubDesktop\bin;C:\Users\doant\AppData\Roaming\npm;C:\Users\doant\AppData\Local\Programs\Antigravity IDE\bin;C:\Users\doant\AppData\Local\cursor-agent;C:\Users\doant\AppData\Local\Programs\cursor\resources\app\bin
USERNAME=doant
OS=Windows_NT
PROCESSOR_IDENTIFIER=Intel64 Family 6 Model 140 Stepping 1, GenuineIntel
TMP=C:\Users\doant\AppData\Local\Temp
TEMP=C:\Users\doant\AppData\Local\Temp




Periodic native trim disabled

---------------  S Y S T E M  ---------------

OS:
 Windows 11 , 64 bit Build 22621 (10.0.22621.5415)
OS uptime: 0 days 2:08 hours

CPU: total 8 (initial active 8) (4 cores per cpu, 2 threads per core) family 6 model 140 stepping 1 microcode 0xa6, cx8, cmov, fxsr, ht, mmx, 3dnowpref, sse, sse2, sse3, ssse3, sse4.1, sse4.2, popcnt, lzcnt, tsc, tscinvbit, avx, avx2, aes, erms, clmul, bmi1, bmi2, adx, avx512f, avx512dq, avx512cd, avx512bw, avx512vl, sha, fma, vzeroupper, avx512_vpopcntdq, avx512_vpclmulqdq, avx512_vaes, avx512_vnni, clflush, clflushopt, clwb, avx512_vbmi2, avx512_vbmi, rdtscp, rdpid, fsrm, gfni, avx512_bitalg, f16c, pku, cet_ibt, cet_ss, avx512_ifma
Processor Information for the first 8 processors :
  Max Mhz: 2419, Current Mhz: 2419, Mhz Limit: 2419

Memory: 4k page, system-wide physical 16078M (1029M free)
TotalPageFile size 24270M (AvailPageFile size 8M)
current process WorkingSet (physical memory assigned to process): 783M, peak: 1728M
current process commit charge ("private bytes"): 1360M, peak: 1764M

vm_info: OpenJDK 64-Bit Server VM (21.0.11+10-LTS) for windows-amd64 JRE (21.0.11+10-LTS), built on 2026-04-21T00:00:00Z by "admin" with MS VC++ 17.12 (VS2022)

END.
